time="2026-08-26T16:51:04Z" level=warning msg="Current umask 0022 is too permissive; setting umask 0027"
time="2026-08-26T16:51:04Z" level=info msg=Configured admin_ids="[]" data_dir=/opt/spire/data
time="2026-08-26T16:51:04Z" level=info msg="Opening SQL database" db_type=sqlite3 subsystem_name=sql
time="2026-08-26T16:51:04Z" level=info msg="Initializing new database" subsystem_name=sql
time="2026-08-26T16:51:04Z" level=info msg="Connected to SQL database" read_only=false subsystem_name=sql type=sqlite3 version=3.45.1
time="2026-08-26T16:51:04Z" level=info msg="Plugin loaded" external=false plugin_name=join_token plugin_type=NodeAttestor subsystem_name=catalog
time="2026-08-26T16:51:04Z" level=info msg="Plugin loaded" external=false plugin_name=disk plugin_type=KeyManager subsystem_name=catalog
time="2026-08-26T16:51:04Z" level=debug msg="Loading journal from datastore" subsystem_name=ca_manager
time="2026-08-26T16:51:04Z" level=info msg="There is not a CA journal record that matches any of the local X509 authority IDs" subsystem_name=ca_manager
time="2026-08-26T16:51:04Z" level=debug msg="Loading journal from disk" path=/opt/spire/data/journal.pem subsystem_name=ca_manager
time="2026-08-26T16:51:04Z" level=info msg="Journal loaded" jwt_keys=0 subsystem_name=ca_manager x509_cas=0
time="2026-08-26T16:51:04Z" level=debug msg="Preparing X509 CA" slot=A subsystem_name=ca_manager
time="2026-08-26T16:51:04Z" level=info msg="Creating a new CA journal entry" subsystem_name=ca_manager
time="2026-08-26T16:51:04Z" level=debug msg="Successfully stored CA journal entry in datastore" ca_journal_id=1 local_authority_id= subsystem_name=ca_manager
time="2026-08-26T16:51:04Z" level=info msg="X509 CA prepared" expiration="2026-08-27 16:51:04 +0000 UTC" issued_at="2026-08-26 16:51:04.80234846 +0000 UTC" local_authority_id=5f0f6be489548189f650ffea770fd4383932d5e7 self_signed=true slot=A subsystem_name=ca_manager
time="2026-08-26T16:51:04Z" level=info msg="X509 CA activated" expiration="2026-08-27 16:51:04 +0000 UTC" issued_at="2026-08-26 16:51:04.80234846 +0000 UTC" local_authority_id=5f0f6be489548189f650ffea770fd4383932d5e7 slot=A subsystem_name=ca_manager
time="2026-08-26T16:51:04Z" level=debug msg="Successfully stored CA journal entry in datastore" ca_journal_id=1 local_authority_id=5f0f6be489548189f650ffea770fd4383932d5e7 subsystem_name=ca_manager
time="2026-08-26T16:51:04Z" level=debug msg="Successfully rotated X.509 CA" subsystem_name=ca_manager trust_domain_id="spiffe://example.org" ttl=86399.01936446
time="2026-08-26T16:51:04Z" level=debug msg="Preparing JWT key" slot=A subsystem_name=ca_manager
time="2026-08-26T16:51:05Z" level=debug msg="Successfully stored CA journal entry in datastore" ca_journal_id=1 local_authority_id=5f0f6be489548189f650ffea770fd4383932d5e7 subsystem_name=ca_manager
time="2026-08-26T16:51:05Z" level=info msg="JWT key prepared" expiration="2026-08-27 16:51:04.994424962 +0000 UTC" issued_at="2026-08-26 16:51:04.994424962 +0000 UTC" local_authority_id=FR2JvPwc5y0NsM7qbLT5BbdhdQO92C5t slot=A subsystem_name=ca_manager
time="2026-08-26T16:51:05Z" level=info msg="JWT key activated" expiration="2026-08-27 16:51:04.994424962 +0000 UTC" issued_at="2026-08-26 16:51:04.994424962 +0000 UTC" local_authority_id=FR2JvPwc5y0NsM7qbLT5BbdhdQO92C5t slot=A subsystem_name=ca_manager
time="2026-08-26T16:51:05Z" level=debug msg="Successfully stored CA journal entry in datastore" ca_journal_id=1 local_authority_id=5f0f6be489548189f650ffea770fd4383932d5e7 subsystem_name=ca_manager
time="2026-08-26T16:51:05Z" level=debug msg="Rotating server SVID" subsystem_name=svid_rotator
time="2026-08-26T16:51:05Z" level=debug msg="Signed X509 SVID" expiration="2026-08-26T17:51:05Z" spiffe_id="spiffe://example.org/spire/server" subsystem_name=svid_rotator
time="2026-08-26T16:51:05Z" level=info msg="Building in-memory entry cache" subsystem_name=endpoints
time="2026-08-26T16:51:05Z" level=info msg="Completed building in-memory entry cache" subsystem_name=endpoints
time="2026-08-26T16:51:05Z" level=debug msg="Initializing API endpoints" subsystem_name=endpoints
time="2026-08-26T16:51:05Z" level=info msg="Starting Server APIs" address=/opt/spire/data/api.sock network=unix subsystem_name=endpoints
time="2026-08-26T16:51:05Z" level=info msg="Starting Server APIs" address="[::]:8081" network=tcp subsystem_name=endpoints
time="2026-08-26T16:51:06Z" level=debug msg="Initializing health checkers" subsystem_name=health
time="2026-08-26T16:51:12Z" level=info msg="Agent attestation request completed" address="[::1]:55250" agent_id="spiffe://example.org/spire/agent/join_token/e12887b8-d6b7-4f72-a901-40c3121a6c98" authorized_as=nobody authorized_via= caller_addr="[::1]:55250" method=AttestAgent node_attestor_type=join_token request_id=7c88c67e-a047-469c-aa70-caf1924db010 service=agent.v1.Agent subsystem_name=api
time="2026-08-26T16:51:12Z" level=debug msg="Signed X509 SVID" authorized_as=agent authorized_via=datastore caller_addr="127.0.0.1:57888" caller_id="spiffe://example.org/spire/agent/join_token/e12887b8-d6b7-4f72-a901-40c3121a6c98" entry_id=3687f8b6-59c6-49fb-a84b-128f1dc58962 expiration="2026-08-26T17:51:12Z" method=BatchNewX509SVID request_id=35331db2-57b4-4f48-b975-50e4194e92ea revision_number=0 serial_num=110360371215572357663125547122776585291 service=svid.v1.SVID spiffe_id="spiffe://example.org/agent" subsystem_name=api
time="2026-08-26T16:51:17Z" level=debug msg="Signed X509 SVID" authorized_as=agent authorized_via=datastore caller_addr="[::1]:55258" caller_id="spiffe://example.org/spire/agent/join_token/e12887b8-d6b7-4f72-a901-40c3121a6c98" entry_id=0b00395c-2eab-4f07-ae25-8dcce15d8d11 expiration="2026-08-26T17:51:17Z" method=BatchNewX509SVID request_id=cfabbf5b-6e35-4230-856f-a637ad193820 revision_number=0 serial_num=339702052897624221948362522153331590305 service=svid.v1.SVID spiffe_id="spiffe://example.org/workload/cappo-backend" subsystem_name=api
time="2026-08-26T16:51:36Z" level=info msg="Shutting down" subsystem_name=bundle_client
time="2026-08-26T16:51:36Z" level=debug msg="Stopping SVID rotator" subsystem_name=svid_rotator
time="2026-08-26T16:51:36Z" level=debug msg="Finishing health checker" subsystem_name=health
