INFO:     Started server process [32388]
INFO:     Waiting for application startup.
INFO:     Application startup complete.
INFO:     Uvicorn running on http://127.0.0.1:8002 (Press CTRL+C to quit)
{"timestamp": "2026-08-29T01:26:30.613086+00:00", "level": "INFO", "logger": "cappo.access", "message": "request", "request_id": "6409fb72-747d-4f34-9005-2b1fe9e8cd6d", "method": "GET", "path": "/health", "status_code": 200, "duration_ms": 32.0}
{"timestamp": "2026-08-29T01:26:30.773630+00:00", "level": "INFO", "logger": "cappo.access", "message": "request", "request_id": "f62b60c5-3740-432e-8487-cdeaee8fb7c2", "method": "GET", "path": "/api/v1/execution/keys/key-3a429717", "status_code": 200, "duration_ms": 78.0}
{"timestamp": "2026-08-29T01:26:32.872773+00:00", "level": "WARNING", "logger": "cappo_backend.services.capi_registration", "message": "cAPI registration failed (ConnectError)"}
{"timestamp": "2026-08-29T01:26:40.899762+00:00", "level": "WARNING", "logger": "cappo_backend.services.capi_registration", "message": "cAPI registration failed (ConnectError)"}
{"timestamp": "2026-08-29T01:26:48.960389+00:00", "level": "WARNING", "logger": "cappo_backend.services.capi_registration", "message": "cAPI registration failed (ConnectError)"}
{"timestamp": "2026-08-29T01:26:57.174185+00:00", "level": "WARNING", "logger": "cappo_backend.services.capi_registration", "message": "cAPI registration failed (ConnectError)"}
{"timestamp": "2026-08-29T01:27:05.610293+00:00", "level": "WARNING", "logger": "cappo_backend.services.capi_registration", "message": "cAPI registration failed (ConnectError)"}
{"timestamp": "2026-08-29T01:27:13.984336+00:00", "level": "WARNING", "logger": "cappo_backend.services.capi_registration", "message": "cAPI registration failed (ConnectError)"}
{"timestamp": "2026-08-29T01:27:17.507324+00:00", "level": "INFO", "logger": "cappo.access", "message": "request", "request_id": "76119718-98c3-44cf-b1ca-8545382d81bf", "method": "GET", "path": "/api/v1/execution/keys/key-3a429717", "status_code": 200, "duration_ms": 15.0}
{"timestamp": "2026-08-29T01:27:22.154798+00:00", "level": "WARNING", "logger": "cappo_backend.services.capi_registration", "message": "cAPI registration failed (ConnectError)"}
{"timestamp": "2026-08-29T01:27:30.276364+00:00", "level": "WARNING", "logger": "cappo_backend.services.capi_registration", "message": "cAPI registration failed (ConnectError)"}
{"timestamp": "2026-08-29T01:27:38.862024+00:00", "level": "WARNING", "logger": "cappo_backend.services.capi_registration", "message": "cAPI registration failed (ConnectError)"}
{"timestamp": "2026-08-29T01:27:47.424030+00:00", "level": "WARNING", "logger": "cappo_backend.services.capi_registration", "message": "cAPI registration failed (ConnectError)"}
{"timestamp": "2026-08-29T01:27:55.746505+00:00", "level": "WARNING", "logger": "cappo_backend.services.capi_registration", "message": "cAPI registration failed (ConnectError)"}
{"timestamp": "2026-08-29T01:27:58.411928+00:00", "level": "INFO", "logger": "cappo.access", "message": "request", "request_id": "b026dfef-0c1e-495b-93fe-0ee21822e1d4", "method": "GET", "path": "/api/v1/execution/keys/key-3a429717", "status_code": 200, "duration_ms": 0.0}
{"timestamp": "2026-08-29T01:27:59.516814+00:00", "level": "INFO", "logger": "cappo.access", "message": "request", "request_id": "4b04bf1a-06ec-49f7-ae96-5220d18e0d66", "method": "GET", "path": "/api/v1/execution/keys/key-3a429717", "status_code": 200, "duration_ms": 0.0}
{"timestamp": "2026-08-29T01:28:03.821449+00:00", "level": "WARNING", "logger": "cappo_backend.services.capi_registration", "message": "cAPI registration failed (ConnectError)"}
{"timestamp": "2026-08-29T01:28:12.253360+00:00", "level": "WARNING", "logger": "cappo_backend.services.capi_registration", "message": "cAPI registration failed (ConnectError)"}
{"timestamp": "2026-08-29T01:28:20.492116+00:00", "level": "WARNING", "logger": "cappo_backend.services.capi_registration", "message": "cAPI registration failed (ConnectError)"}
{"timestamp": "2026-08-29T01:28:28.648759+00:00", "level": "WARNING", "logger": "cappo_backend.services.capi_registration", "message": "cAPI registration failed (ConnectError)"}
{"timestamp": "2026-08-29T01:28:36.917249+00:00", "level": "WARNING", "logger": "cappo_backend.services.capi_registration", "message": "cAPI registration failed (ConnectError)"}
{"timestamp": "2026-08-29T01:28:45.024600+00:00", "level": "WARNING", "logger": "cappo_backend.services.capi_registration", "message": "cAPI registration failed (ConnectError)"}
{"timestamp": "2026-08-29T01:28:53.366764+00:00", "level": "WARNING", "logger": "cappo_backend.services.capi_registration", "message": "cAPI registration failed (ConnectError)"}
{"timestamp": "2026-08-29T01:29:01.418277+00:00", "level": "WARNING", "logger": "cappo_backend.services.capi_registration", "message": "cAPI registration failed (ConnectError)"}
{"timestamp": "2026-08-29T01:29:09.482954+00:00", "level": "WARNING", "logger": "cappo_backend.services.capi_registration", "message": "cAPI registration failed (ConnectError)"}
{"timestamp": "2026-08-29T01:29:17.594184+00:00", "level": "WARNING", "logger": "cappo_backend.services.capi_registration", "message": "cAPI registration failed (ConnectError)"}
{"timestamp": "2026-08-29T01:29:25.609189+00:00", "level": "WARNING", "logger": "cappo_backend.services.capi_registration", "message": "cAPI registration failed (ConnectError)"}
{"timestamp": "2026-08-29T01:29:33.629712+00:00", "level": "WARNING", "logger": "cappo_backend.services.capi_registration", "message": "cAPI registration failed (ConnectError)"}
{"timestamp": "2026-08-29T01:29:41.670149+00:00", "level": "WARNING", "logger": "cappo_backend.services.capi_registration", "message": "cAPI registration failed (ConnectError)"}
{"timestamp": "2026-08-29T01:29:49.692497+00:00", "level": "WARNING", "logger": "cappo_backend.services.capi_registration", "message": "cAPI registration failed (ConnectError)"}
{"timestamp": "2026-08-29T01:29:57.872257+00:00", "level": "WARNING", "logger": "cappo_backend.services.capi_registration", "message": "cAPI registration failed (ConnectError)"}
{"timestamp": "2026-08-29T01:30:05.926042+00:00", "level": "WARNING", "logger": "cappo_backend.services.capi_registration", "message": "cAPI registration failed (ConnectError)"}
{"timestamp": "2026-08-29T01:30:14.294897+00:00", "level": "WARNING", "logger": "cappo_backend.services.capi_registration", "message": "cAPI registration failed (ConnectError)"}
{"timestamp": "2026-08-29T01:30:22.513475+00:00", "level": "WARNING", "logger": "cappo_backend.services.capi_registration", "message": "cAPI registration failed (ConnectError)"}
{"timestamp": "2026-08-29T01:30:30.552818+00:00", "level": "WARNING", "logger": "cappo_backend.services.capi_registration", "message": "cAPI registration failed (ConnectError)"}
{"timestamp": "2026-08-29T01:30:38.619348+00:00", "level": "WARNING", "logger": "cappo_backend.services.capi_registration", "message": "cAPI registration failed (ConnectError)"}
{"timestamp": "2026-08-29T01:30:46.946229+00:00", "level": "WARNING", "logger": "cappo_backend.services.capi_registration", "message": "cAPI registration failed (ConnectError)"}
{"timestamp": "2026-08-29T01:30:55.016096+00:00", "level": "WARNING", "logger": "cappo_backend.services.capi_registration", "message": "cAPI registration failed (ConnectError)"}
{"timestamp": "2026-08-29T01:31:03.198585+00:00", "level": "WARNING", "logger": "cappo_backend.services.capi_registration", "message": "cAPI registration failed (ConnectError)"}
{"timestamp": "2026-08-29T01:31:11.231579+00:00", "level": "WARNING", "logger": "cappo_backend.services.capi_registration", "message": "cAPI registration failed (ConnectError)"}
{"timestamp": "2026-08-29T01:31:19.265090+00:00", "level": "WARNING", "logger": "cappo_backend.services.capi_registration", "message": "cAPI registration failed (ConnectError)"}
{"timestamp": "2026-08-29T01:31:27.339407+00:00", "level": "WARNING", "logger": "cappo_backend.services.capi_registration", "message": "cAPI registration failed (ConnectError)"}
{"timestamp": "2026-08-29T01:31:35.329835+00:00", "level": "WARNING", "logger": "cappo_backend.services.capi_registration", "message": "cAPI registration failed (ConnectError)"}
{"timestamp": "2026-08-29T01:31:43.368590+00:00", "level": "WARNING", "logger": "cappo_backend.services.capi_registration", "message": "cAPI registration failed (ConnectError)"}
{"timestamp": "2026-08-29T01:31:51.453681+00:00", "level": "WARNING", "logger": "cappo_backend.services.capi_registration", "message": "cAPI registration failed (ConnectError)"}
{"timestamp": "2026-08-29T01:31:59.812397+00:00", "level": "WARNING", "logger": "cappo_backend.services.capi_registration", "message": "cAPI registration failed (ConnectError)"}
{"timestamp": "2026-08-29T01:32:08.301864+00:00", "level": "WARNING", "logger": "cappo_backend.services.capi_registration", "message": "cAPI registration failed (ConnectError)"}
{"timestamp": "2026-08-29T01:32:16.732137+00:00", "level": "WARNING", "logger": "cappo_backend.services.capi_registration", "message": "cAPI registration failed (ConnectError)"}
{"timestamp": "2026-08-29T01:32:25.128843+00:00", "level": "WARNING", "logger": "cappo_backend.services.capi_registration", "message": "cAPI registration failed (ConnectError)"}
{"timestamp": "2026-08-29T01:32:33.185688+00:00", "level": "WARNING", "logger": "cappo_backend.services.capi_registration", "message": "cAPI registration failed (ConnectError)"}
{"timestamp": "2026-08-29T01:32:41.189279+00:00", "level": "WARNING", "logger": "cappo_backend.services.capi_registration", "message": "cAPI registration failed (ConnectError)"}
{"timestamp": "2026-08-29T01:32:49.387206+00:00", "level": "WARNING", "logger": "cappo_backend.services.capi_registration", "message": "cAPI registration failed (ConnectError)"}
{"timestamp": "2026-08-29T01:32:57.410944+00:00", "level": "WARNING", "logger": "cappo_backend.services.capi_registration", "message": "cAPI registration failed (ConnectError)"}
{"timestamp": "2026-08-29T01:33:05.439771+00:00", "level": "WARNING", "logger": "cappo_backend.services.capi_registration", "message": "cAPI registration failed (ConnectError)"}
{"timestamp": "2026-08-29T01:33:13.460125+00:00", "level": "WARNING", "logger": "cappo_backend.services.capi_registration", "message": "cAPI registration failed (ConnectError)"}
{"timestamp": "2026-08-29T01:33:21.485014+00:00", "level": "WARNING", "logger": "cappo_backend.services.capi_registration", "message": "cAPI registration failed (ConnectError)"}
{"timestamp": "2026-08-29T01:33:29.467285+00:00", "level": "WARNING", "logger": "cappo_backend.services.capi_registration", "message": "cAPI registration failed (ConnectError)"}
{"timestamp": "2026-08-29T01:33:37.471818+00:00", "level": "WARNING", "logger": "cappo_backend.services.capi_registration", "message": "cAPI registration failed (ConnectError)"}
{"timestamp": "2026-08-29T01:33:45.499646+00:00", "level": "WARNING", "logger": "cappo_backend.services.capi_registration", "message": "cAPI registration failed (ConnectError)"}
{"timestamp": "2026-08-29T01:33:53.638229+00:00", "level": "WARNING", "logger": "cappo_backend.services.capi_registration", "message": "cAPI registration failed (ConnectError)"}
{"timestamp": "2026-08-29T01:34:02.040901+00:00", "level": "WARNING", "logger": "cappo_backend.services.capi_registration", "message": "cAPI registration failed (ConnectError)"}
{"timestamp": "2026-08-29T01:34:10.063110+00:00", "level": "WARNING", "logger": "cappo_backend.services.capi_registration", "message": "cAPI registration failed (ConnectError)"}
{"timestamp": "2026-08-29T01:34:18.128920+00:00", "level": "INFO", "logger": "cappo.access", "message": "request", "request_id": "f97535c2-4a47-4f0e-8b67-9f8101973053", "method": "GET", "path": "/api/v1/execution/keys/key-3a429717", "status_code": 200, "duration_ms": 15.0}
{"timestamp": "2026-08-29T01:34:18.414713+00:00", "level": "WARNING", "logger": "cappo_backend.services.capi_registration", "message": "cAPI registration failed (ConnectError)"}
{"timestamp": "2026-08-29T01:34:26.437438+00:00", "level": "WARNING", "logger": "cappo_backend.services.capi_registration", "message": "cAPI registration failed (ConnectError)"}
{"timestamp": "2026-08-29T01:34:34.522723+00:00", "level": "WARNING", "logger": "cappo_backend.services.capi_registration", "message": "cAPI registration failed (ConnectError)"}
{"timestamp": "2026-08-29T01:34:42.591134+00:00", "level": "WARNING", "logger": "cappo_backend.services.capi_registration", "message": "cAPI registration failed (ConnectError)"}
{"timestamp": "2026-08-29T01:34:50.624923+00:00", "level": "WARNING", "logger": "cappo_backend.services.capi_registration", "message": "cAPI registration failed (ConnectError)"}
{"timestamp": "2026-08-29T01:34:58.863201+00:00", "level": "WARNING", "logger": "cappo_backend.services.capi_registration", "message": "cAPI registration failed (ConnectError)"}
{"timestamp": "2026-08-29T01:35:06.883995+00:00", "level": "WARNING", "logger": "cappo_backend.services.capi_registration", "message": "cAPI registration failed (ConnectError)"}
{"timestamp": "2026-08-29T01:35:15.314528+00:00", "level": "WARNING", "logger": "cappo_backend.services.capi_registration", "message": "cAPI registration failed (ConnectError)"}
{"timestamp": "2026-08-29T01:35:23.867347+00:00", "level": "WARNING", "logger": "cappo_backend.services.capi_registration", "message": "cAPI registration failed (ConnectError)"}
{"timestamp": "2026-08-29T01:35:31.911440+00:00", "level": "WARNING", "logger": "cappo_backend.services.capi_registration", "message": "cAPI registration failed (ConnectError)"}
{"timestamp": "2026-08-29T01:35:40.043797+00:00", "level": "WARNING", "logger": "cappo_backend.services.capi_registration", "message": "cAPI registration failed (ConnectError)"}
{"timestamp": "2026-08-29T01:35:48.180822+00:00", "level": "WARNING", "logger": "cappo_backend.services.capi_registration", "message": "cAPI registration failed (ConnectError)"}
{"timestamp": "2026-08-29T01:35:56.477837+00:00", "level": "WARNING", "logger": "cappo_backend.services.capi_registration", "message": "cAPI registration failed (ConnectError)"}
{"timestamp": "2026-08-29T01:36:04.836649+00:00", "level": "WARNING", "logger": "cappo_backend.services.capi_registration", "message": "cAPI registration failed (ConnectError)"}
{"timestamp": "2026-08-29T01:36:13.199469+00:00", "level": "WARNING", "logger": "cappo_backend.services.capi_registration", "message": "cAPI registration failed (ConnectError)"}
{"timestamp": "2026-08-29T01:36:21.682834+00:00", "level": "WARNING", "logger": "cappo_backend.services.capi_registration", "message": "cAPI registration failed (ConnectError)"}
{"timestamp": "2026-08-29T01:36:29.788466+00:00", "level": "WARNING", "logger": "cappo_backend.services.capi_registration", "message": "cAPI registration failed (ConnectError)"}
{"timestamp": "2026-08-29T01:36:38.078280+00:00", "level": "WARNING", "logger": "cappo_backend.services.capi_registration", "message": "cAPI registration failed (ConnectError)"}
{"timestamp": "2026-08-29T01:36:46.314319+00:00", "level": "WARNING", "logger": "cappo_backend.services.capi_registration", "message": "cAPI registration failed (ConnectError)"}
{"timestamp": "2026-08-29T01:36:54.476629+00:00", "level": "WARNING", "logger": "cappo_backend.services.capi_registration", "message": "cAPI registration failed (ConnectError)"}
{"timestamp": "2026-08-29T01:37:02.783889+00:00", "level": "WARNING", "logger": "cappo_backend.services.capi_registration", "message": "cAPI registration failed (ConnectError)"}
{"timestamp": "2026-08-29T01:37:11.258007+00:00", "level": "WARNING", "logger": "cappo_backend.services.capi_registration", "message": "cAPI registration failed (ConnectError)"}
{"timestamp": "2026-08-29T01:37:19.291013+00:00", "level": "WARNING", "logger": "cappo_backend.services.capi_registration", "message": "cAPI registration failed (ConnectError)"}
{"timestamp": "2026-08-29T01:37:27.305409+00:00", "level": "WARNING", "logger": "cappo_backend.services.capi_registration", "message": "cAPI registration failed (ConnectError)"}
{"timestamp": "2026-08-29T01:37:35.333761+00:00", "level": "WARNING", "logger": "cappo_backend.services.capi_registration", "message": "cAPI registration failed (ConnectError)"}
{"timestamp": "2026-08-29T01:37:43.339221+00:00", "level": "WARNING", "logger": "cappo_backend.services.capi_registration", "message": "cAPI registration failed (ConnectError)"}
{"timestamp": "2026-08-29T01:37:51.397638+00:00", "level": "WARNING", "logger": "cappo_backend.services.capi_registration", "message": "cAPI registration failed (ConnectError)"}
{"timestamp": "2026-08-29T01:37:59.424059+00:00", "level": "WARNING", "logger": "cappo_backend.services.capi_registration", "message": "cAPI registration failed (ConnectError)"}
{"timestamp": "2026-08-29T01:38:07.610747+00:00", "level": "WARNING", "logger": "cappo_backend.services.capi_registration", "message": "cAPI registration failed (ConnectError)"}
{"timestamp": "2026-08-29T01:38:15.909921+00:00", "level": "WARNING", "logger": "cappo_backend.services.capi_registration", "message": "cAPI registration failed (ConnectError)"}
{"timestamp": "2026-08-29T01:38:24.489642+00:00", "level": "WARNING", "logger": "cappo_backend.services.capi_registration", "message": "cAPI registration failed (ConnectError)"}
{"timestamp": "2026-08-29T01:38:32.866218+00:00", "level": "WARNING", "logger": "cappo_backend.services.capi_registration", "message": "cAPI registration failed (ConnectError)"}
{"timestamp": "2026-08-29T01:38:41.196505+00:00", "level": "WARNING", "logger": "cappo_backend.services.capi_registration", "message": "cAPI registration failed (ConnectError)"}
{"timestamp": "2026-08-29T01:38:49.408744+00:00", "level": "WARNING", "logger": "cappo_backend.services.capi_registration", "message": "cAPI registration failed (ConnectError)"}
{"timestamp": "2026-08-29T01:38:57.468769+00:00", "level": "WARNING", "logger": "cappo_backend.services.capi_registration", "message": "cAPI registration failed (ConnectError)"}
{"timestamp": "2026-08-29T01:39:05.526595+00:00", "level": "WARNING", "logger": "cappo_backend.services.capi_registration", "message": "cAPI registration failed (ConnectError)"}
{"timestamp": "2026-08-29T01:39:13.582034+00:00", "level": "WARNING", "logger": "cappo_backend.services.capi_registration", "message": "cAPI registration failed (ConnectError)"}
{"timestamp": "2026-08-29T01:39:21.969966+00:00", "level": "WARNING", "logger": "cappo_backend.services.capi_registration", "message": "cAPI registration failed (ConnectError)"}
{"timestamp": "2026-08-29T01:39:30.363987+00:00", "level": "WARNING", "logger": "cappo_backend.services.capi_registration", "message": "cAPI registration failed (ConnectError)"}
{"timestamp": "2026-08-29T01:39:38.693667+00:00", "level": "WARNING", "logger": "cappo_backend.services.capi_registration", "message": "cAPI registration failed (ConnectError)"}
{"timestamp": "2026-08-29T01:39:47.065680+00:00", "level": "WARNING", "logger": "cappo_backend.services.capi_registration", "message": "cAPI registration failed (ConnectError)"}
{"timestamp": "2026-08-29T01:39:55.596652+00:00", "level": "WARNING", "logger": "cappo_backend.services.capi_registration", "message": "cAPI registration failed (ConnectError)"}
{"timestamp": "2026-08-29T01:40:03.632835+00:00", "level": "WARNING", "logger": "cappo_backend.services.capi_registration", "message": "cAPI registration failed (ConnectError)"}
{"timestamp": "2026-08-29T01:40:12.074343+00:00", "level": "WARNING", "logger": "cappo_backend.services.capi_registration", "message": "cAPI registration failed (ConnectError)"}
{"timestamp": "2026-08-29T01:40:20.517202+00:00", "level": "WARNING", "logger": "cappo_backend.services.capi_registration", "message": "cAPI registration failed (ConnectError)"}
{"timestamp": "2026-08-29T01:40:28.881245+00:00", "level": "WARNING", "logger": "cappo_backend.services.capi_registration", "message": "cAPI registration failed (ConnectError)"}
{"timestamp": "2026-08-29T01:40:37.393292+00:00", "level": "WARNING", "logger": "cappo_backend.services.capi_registration", "message": "cAPI registration failed (ConnectError)"}
{"timestamp": "2026-08-29T01:40:45.503270+00:00", "level": "WARNING", "logger": "cappo_backend.services.capi_registration", "message": "cAPI registration failed (ConnectError)"}
{"timestamp": "2026-08-29T01:40:53.726582+00:00", "level": "WARNING", "logger": "cappo_backend.services.capi_registration", "message": "cAPI registration failed (ConnectError)"}
{"timestamp": "2026-08-29T01:41:01.784554+00:00", "level": "WARNING", "logger": "cappo_backend.services.capi_registration", "message": "cAPI registration failed (ConnectError)"}
{"timestamp": "2026-08-29T01:41:10.021005+00:00", "level": "WARNING", "logger": "cappo_backend.services.capi_registration", "message": "cAPI registration failed (ConnectError)"}
{"timestamp": "2026-08-29T01:41:18.177810+00:00", "level": "WARNING", "logger": "cappo_backend.services.capi_registration", "message": "cAPI registration failed (ConnectError)"}
{"timestamp": "2026-08-29T01:41:26.322310+00:00", "level": "WARNING", "logger": "cappo_backend.services.capi_registration", "message": "cAPI registration failed (ConnectError)"}
{"timestamp": "2026-08-29T01:41:34.430652+00:00", "level": "WARNING", "logger": "cappo_backend.services.capi_registration", "message": "cAPI registration failed (ConnectError)"}
{"timestamp": "2026-08-29T01:41:42.847643+00:00", "level": "WARNING", "logger": "cappo_backend.services.capi_registration", "message": "cAPI registration failed (ConnectError)"}
{"timestamp": "2026-08-29T01:41:51.254231+00:00", "level": "WARNING", "logger": "cappo_backend.services.capi_registration", "message": "cAPI registration failed (ConnectError)"}
{"timestamp": "2026-08-29T01:41:59.832253+00:00", "level": "WARNING", "logger": "cappo_backend.services.capi_registration", "message": "cAPI registration failed (ConnectError)"}
{"timestamp": "2026-08-29T01:42:08.302768+00:00", "level": "WARNING", "logger": "cappo_backend.services.capi_registration", "message": "cAPI registration failed (ConnectError)"}
{"timestamp": "2026-08-29T01:42:16.642590+00:00", "level": "WARNING", "logger": "cappo_backend.services.capi_registration", "message": "cAPI registration failed (ConnectError)"}
{"timestamp": "2026-08-29T01:42:24.917974+00:00", "level": "WARNING", "logger": "cappo_backend.services.capi_registration", "message": "cAPI registration failed (ConnectError)"}
{"timestamp": "2026-08-29T01:42:33.291895+00:00", "level": "WARNING", "logger": "cappo_backend.services.capi_registration", "message": "cAPI registration failed (ConnectError)"}
{"timestamp": "2026-08-29T01:42:41.739335+00:00", "level": "WARNING", "logger": "cappo_backend.services.capi_registration", "message": "cAPI registration failed (ConnectError)"}
{"timestamp": "2026-08-29T01:42:50.097023+00:00", "level": "WARNING", "logger": "cappo_backend.services.capi_registration", "message": "cAPI registration failed (ConnectError)"}
{"timestamp": "2026-08-29T01:42:58.542788+00:00", "level": "WARNING", "logger": "cappo_backend.services.capi_registration", "message": "cAPI registration failed (ConnectError)"}
{"timestamp": "2026-08-29T01:43:06.669823+00:00", "level": "WARNING", "logger": "cappo_backend.services.capi_registration", "message": "cAPI registration failed (ConnectError)"}
